// Jest Snapshot v1, https://goo.gl/fbAQLP

exports[`Signin Render signin 1`] = `
<DocumentFragment>
  <div
    class="container"
  >
    <h1
      class="text-center"
    >
      Sign in
    </h1>
    <div
      class="align-middle"
    >
      <form
        class=""
        novalidate=""
      >
        <div
          class="mb-3"
        >
          <input
            class="form-control"
            name="email"
            placeholder="E-mail"
          />
          <div
            class="invalid-feedback"
          >
            E-mail is required!
          </div>
        </div>
        <div
          class="mb-3"
        >
          <input
            class="form-control"
            name="password"
            placeholder="Password"
            type="password"
          />
          <div
            class="invalid-feedback"
          >
            Password is required and minimum 4 length!
          </div>
        </div>
        <div
          class="d-flex justify-content-between"
        >
          <button
            class="btn btn-primary"
            type="button"
          >
            Sign in
          </button>
          <a
            class="d-flex justify-content-center"
            href="/auth/signup"
          >
            <button
              class="btn btn-primary"
              type="button"
            >
              Sign up
            </button>
          </a>
        </div>
      </form>
    </div>
  </div>
</DocumentFragment>
`;
